10:55:59.434 INFO  [background-preinit]org.hibernate.validator.internal.util.Version - HV000001: Hibernate Validator 8.0.2.Final
10:55:59.466 INFO  [main]com.example.quiz15.UserTest - Starting UserTest using Java 21.0.7 with PID 4716 (started by shine in C:\java\java_project\quiz15)
10:55:59.467 INFO  [main]com.example.quiz15.UserTest - No active profile set, falling back to 1 default profile: "default"
10:56:00.168 INFO  [main]o.s.d.r.config.RepositoryConfigurationDelegate - Bootstrapping Spring Data JPA repositories in DEFAULT mode.
10:56:00.236 INFO  [main]o.s.d.r.config.RepositoryConfigurationDelegate - Finished Spring Data repository scanning in 56 ms. Found 3 JPA repository interfaces.
10:56:00.628 INFO  [main]com.zaxxer.hikari.HikariDataSource - HikariPool-1 - Starting...
10:56:00.906 INFO  [main]com.zaxxer.hikari.pool.HikariPool - HikariPool-1 - Added connection com.mysql.cj.jdbc.ConnectionImpl@265c1a7c
10:56:00.908 INFO  [main]com.zaxxer.hikari.HikariDataSource - HikariPool-1 - Start completed.
10:56:00.953 INFO  [main]org.hibernate.jpa.internal.util.LogHelper - HHH000204: Processing PersistenceUnitInfo [name: default]
10:56:01.028 INFO  [main]org.hibernate.Version - HHH000412: Hibernate ORM core version 6.6.22.Final
10:56:01.081 INFO  [main]o.hibernate.cache.internal.RegionFactoryInitiator - HHH000026: Second-level cache disabled
10:56:01.451 INFO  [main]o.s.o.j.persistenceunit.SpringPersistenceUnitInfo - No LoadTimeWeaver setup: ignoring JPA class transformer
10:56:01.556 INFO  [main]org.hibernate.orm.connections.pooling - HHH10001005: Database info:
	Database JDBC URL [Connecting through datasource 'HikariDataSource (HikariPool-1)']
	Database driver: undefined/unknown
	Database version: 8.0.43
	Autocommit mode: undefined/unknown
	Isolation level: undefined/unknown
	Minimum pool size: undefined/unknown
	Maximum pool size: undefined/unknown
10:56:01.859 WARN  [main]org.hibernate.mapping.RootClass - HHH000038: Composite-id class does not override equals(): com.example.quiz15.entity.QuestionId
10:56:01.859 WARN  [main]org.hibernate.mapping.RootClass - HHH000039: Composite-id class does not override hashCode(): com.example.quiz15.entity.QuestionId
10:56:02.365 INFO  [main]o.h.e.t.jta.platform.internal.JtaPlatformInitiator - HHH000489: No JTA platform available (set 'hibernate.transaction.jta.platform' to enable JTA platform integration)
10:56:02.368 INFO  [main]o.s.orm.jpa.LocalContainerEntityManagerFactoryBean - Initialized JPA EntityManagerFactory for persistence unit 'default'
10:56:02.669 INFO  [main]o.s.data.jpa.repository.query.QueryEnhancerFactory - Hibernate is in classpath; If applicable, HQL parser will be used.
10:56:02.934 WARN  [main]o.s.b.a.o.j.JpaBaseConfiguration$JpaWebConfiguration - spring.jpa.open-in-view is enabled by default. Therefore, database queries may be performed during view rendering. Explicitly configure spring.jpa.open-in-view to disable this warning
10:56:03.368 INFO  [main]com.example.quiz15.UserTest - Started UserTest in 4.382 seconds (process running for 5.948)
10:56:04.001 INFO  [SpringApplicationShutdownHook]o.s.orm.jpa.LocalContainerEntityManagerFactoryBean - Closing JPA EntityManagerFactory for persistence unit 'default'
10:56:04.004 INFO  [SpringApplicationShutdownHook]com.zaxxer.hikari.HikariDataSource - HikariPool-1 - Shutdown initiated...
10:56:04.013 INFO  [SpringApplicationShutdownHook]com.zaxxer.hikari.HikariDataSource - HikariPool-1 - Shutdown completed.
10:56:56.231 INFO  [background-preinit]org.hibernate.validator.internal.util.Version - HV000001: Hibernate Validator 8.0.2.Final
10:56:56.262 INFO  [main]com.example.quiz15.UserTest - Starting UserTest using Java 21.0.7 with PID 9596 (started by shine in C:\java\java_project\quiz15)
10:56:56.263 INFO  [main]com.example.quiz15.UserTest - No active profile set, falling back to 1 default profile: "default"
10:56:56.904 INFO  [main]o.s.d.r.config.RepositoryConfigurationDelegate - Bootstrapping Spring Data JPA repositories in DEFAULT mode.
10:56:56.972 INFO  [main]o.s.d.r.config.RepositoryConfigurationDelegate - Finished Spring Data repository scanning in 57 ms. Found 3 JPA repository interfaces.
10:56:57.326 INFO  [main]com.zaxxer.hikari.HikariDataSource - HikariPool-1 - Starting...
10:56:57.517 INFO  [main]com.zaxxer.hikari.pool.HikariPool - HikariPool-1 - Added connection com.mysql.cj.jdbc.ConnectionImpl@329dc214
10:56:57.518 INFO  [main]com.zaxxer.hikari.HikariDataSource - HikariPool-1 - Start completed.
10:56:57.557 INFO  [main]org.hibernate.jpa.internal.util.LogHelper - HHH000204: Processing PersistenceUnitInfo [name: default]
10:56:57.614 INFO  [main]org.hibernate.Version - HHH000412: Hibernate ORM core version 6.6.22.Final
10:56:57.654 INFO  [main]o.hibernate.cache.internal.RegionFactoryInitiator - HHH000026: Second-level cache disabled
10:56:57.972 INFO  [main]o.s.o.j.persistenceunit.SpringPersistenceUnitInfo - No LoadTimeWeaver setup: ignoring JPA class transformer
10:56:58.063 INFO  [main]org.hibernate.orm.connections.pooling - HHH10001005: Database info:
	Database JDBC URL [Connecting through datasource 'HikariDataSource (HikariPool-1)']
	Database driver: undefined/unknown
	Database version: 8.0.43
	Autocommit mode: undefined/unknown
	Isolation level: undefined/unknown
	Minimum pool size: undefined/unknown
	Maximum pool size: undefined/unknown
10:56:58.345 WARN  [main]org.hibernate.mapping.RootClass - HHH000038: Composite-id class does not override equals(): com.example.quiz15.entity.QuestionId
10:56:58.345 WARN  [main]org.hibernate.mapping.RootClass - HHH000039: Composite-id class does not override hashCode(): com.example.quiz15.entity.QuestionId
10:56:58.787 INFO  [main]o.h.e.t.jta.platform.internal.JtaPlatformInitiator - HHH000489: No JTA platform available (set 'hibernate.transaction.jta.platform' to enable JTA platform integration)
10:56:58.790 INFO  [main]o.s.orm.jpa.LocalContainerEntityManagerFactoryBean - Initialized JPA EntityManagerFactory for persistence unit 'default'
10:56:59.036 INFO  [main]o.s.data.jpa.repository.query.QueryEnhancerFactory - Hibernate is in classpath; If applicable, HQL parser will be used.
10:56:59.280 WARN  [main]o.s.b.a.o.j.JpaBaseConfiguration$JpaWebConfiguration - spring.jpa.open-in-view is enabled by default. Therefore, database queries may be performed during view rendering. Explicitly configure spring.jpa.open-in-view to disable this warning
10:56:59.658 INFO  [main]com.example.quiz15.UserTest - Started UserTest in 3.806 seconds (process running for 4.732)
10:57:00.134 INFO  [SpringApplicationShutdownHook]o.s.orm.jpa.LocalContainerEntityManagerFactoryBean - Closing JPA EntityManagerFactory for persistence unit 'default'
10:57:00.136 INFO  [SpringApplicationShutdownHook]com.zaxxer.hikari.HikariDataSource - HikariPool-1 - Shutdown initiated...
10:57:00.142 INFO  [SpringApplicationShutdownHook]com.zaxxer.hikari.HikariDataSource - HikariPool-1 - Shutdown completed.
11:06:58.459 INFO  [background-preinit]org.hibernate.validator.internal.util.Version - HV000001: Hibernate Validator 8.0.2.Final
11:06:58.489 INFO  [main]com.example.quiz15.UserTest - Starting UserTest using Java 21.0.7 with PID 21868 (started by shine in C:\java\java_project\quiz15)
11:06:58.490 INFO  [main]com.example.quiz15.UserTest - No active profile set, falling back to 1 default profile: "default"
11:06:59.131 INFO  [main]o.s.d.r.config.RepositoryConfigurationDelegate - Bootstrapping Spring Data JPA repositories in DEFAULT mode.
11:06:59.196 INFO  [main]o.s.d.r.config.RepositoryConfigurationDelegate - Finished Spring Data repository scanning in 53 ms. Found 3 JPA repository interfaces.
11:06:59.541 INFO  [main]com.zaxxer.hikari.HikariDataSource - HikariPool-1 - Starting...
11:06:59.752 INFO  [main]com.zaxxer.hikari.pool.HikariPool - HikariPool-1 - Added connection com.mysql.cj.jdbc.ConnectionImpl@32507479
11:06:59.754 INFO  [main]com.zaxxer.hikari.HikariDataSource - HikariPool-1 - Start completed.
11:06:59.795 INFO  [main]org.hibernate.jpa.internal.util.LogHelper - HHH000204: Processing PersistenceUnitInfo [name: default]
11:06:59.851 INFO  [main]org.hibernate.Version - HHH000412: Hibernate ORM core version 6.6.22.Final
11:06:59.892 INFO  [main]o.hibernate.cache.internal.RegionFactoryInitiator - HHH000026: Second-level cache disabled
11:07:00.212 INFO  [main]o.s.o.j.persistenceunit.SpringPersistenceUnitInfo - No LoadTimeWeaver setup: ignoring JPA class transformer
11:07:00.310 INFO  [main]org.hibernate.orm.connections.pooling - HHH10001005: Database info:
	Database JDBC URL [Connecting through datasource 'HikariDataSource (HikariPool-1)']
	Database driver: undefined/unknown
	Database version: 8.0.43
	Autocommit mode: undefined/unknown
	Isolation level: undefined/unknown
	Minimum pool size: undefined/unknown
	Maximum pool size: undefined/unknown
11:07:00.578 WARN  [main]org.hibernate.mapping.RootClass - HHH000038: Composite-id class does not override equals(): com.example.quiz15.entity.QuestionId
11:07:00.578 WARN  [main]org.hibernate.mapping.RootClass - HHH000039: Composite-id class does not override hashCode(): com.example.quiz15.entity.QuestionId
11:07:01.024 INFO  [main]o.h.e.t.jta.platform.internal.JtaPlatformInitiator - HHH000489: No JTA platform available (set 'hibernate.transaction.jta.platform' to enable JTA platform integration)
11:07:01.027 INFO  [main]o.s.orm.jpa.LocalContainerEntityManagerFactoryBean - Initialized JPA EntityManagerFactory for persistence unit 'default'
11:07:01.264 INFO  [main]o.s.data.jpa.repository.query.QueryEnhancerFactory - Hibernate is in classpath; If applicable, HQL parser will be used.
11:07:01.505 WARN  [main]o.s.b.a.o.j.JpaBaseConfiguration$JpaWebConfiguration - spring.jpa.open-in-view is enabled by default. Therefore, database queries may be performed during view rendering. Explicitly configure spring.jpa.open-in-view to disable this warning
11:07:01.888 INFO  [main]com.example.quiz15.UserTest - Started UserTest in 3.791 seconds (process running for 4.696)
11:07:02.452 INFO  [SpringApplicationShutdownHook]o.s.orm.jpa.LocalContainerEntityManagerFactoryBean - Closing JPA EntityManagerFactory for persistence unit 'default'
11:07:02.454 INFO  [SpringApplicationShutdownHook]com.zaxxer.hikari.HikariDataSource - HikariPool-1 - Shutdown initiated...
11:07:02.460 INFO  [SpringApplicationShutdownHook]com.zaxxer.hikari.HikariDataSource - HikariPool-1 - Shutdown completed.
11:08:55.057 INFO  [background-preinit]org.hibernate.validator.internal.util.Version - HV000001: Hibernate Validator 8.0.2.Final
11:08:55.090 INFO  [main]com.example.quiz15.UserTest - Starting UserTest using Java 21.0.7 with PID 9132 (started by shine in C:\java\java_project\quiz15)
11:08:55.090 INFO  [main]com.example.quiz15.UserTest - No active profile set, falling back to 1 default profile: "default"
11:08:55.730 INFO  [main]o.s.d.r.config.RepositoryConfigurationDelegate - Bootstrapping Spring Data JPA repositories in DEFAULT mode.
11:08:55.796 INFO  [main]o.s.d.r.config.RepositoryConfigurationDelegate - Finished Spring Data repository scanning in 54 ms. Found 3 JPA repository interfaces.
11:08:56.141 INFO  [main]com.zaxxer.hikari.HikariDataSource - HikariPool-1 - Starting...
11:08:56.352 INFO  [main]com.zaxxer.hikari.pool.HikariPool - HikariPool-1 - Added connection com.mysql.cj.jdbc.ConnectionImpl@c412556
11:08:56.354 INFO  [main]com.zaxxer.hikari.HikariDataSource - HikariPool-1 - Start completed.
11:08:56.403 INFO  [main]org.hibernate.jpa.internal.util.LogHelper - HHH000204: Processing PersistenceUnitInfo [name: default]
11:08:56.461 INFO  [main]org.hibernate.Version - HHH000412: Hibernate ORM core version 6.6.22.Final
11:08:56.503 INFO  [main]o.hibernate.cache.internal.RegionFactoryInitiator - HHH000026: Second-level cache disabled
11:08:56.825 INFO  [main]o.s.o.j.persistenceunit.SpringPersistenceUnitInfo - No LoadTimeWeaver setup: ignoring JPA class transformer
11:08:56.916 INFO  [main]org.hibernate.orm.connections.pooling - HHH10001005: Database info:
	Database JDBC URL [Connecting through datasource 'HikariDataSource (HikariPool-1)']
	Database driver: undefined/unknown
	Database version: 8.0.43
	Autocommit mode: undefined/unknown
	Isolation level: undefined/unknown
	Minimum pool size: undefined/unknown
	Maximum pool size: undefined/unknown
11:08:57.182 WARN  [main]org.hibernate.mapping.RootClass - HHH000038: Composite-id class does not override equals(): com.example.quiz15.entity.QuestionId
11:08:57.183 WARN  [main]org.hibernate.mapping.RootClass - HHH000039: Composite-id class does not override hashCode(): com.example.quiz15.entity.QuestionId
11:08:57.618 INFO  [main]o.h.e.t.jta.platform.internal.JtaPlatformInitiator - HHH000489: No JTA platform available (set 'hibernate.transaction.jta.platform' to enable JTA platform integration)
11:08:57.619 INFO  [main]o.s.orm.jpa.LocalContainerEntityManagerFactoryBean - Initialized JPA EntityManagerFactory for persistence unit 'default'
11:08:57.863 INFO  [main]o.s.data.jpa.repository.query.QueryEnhancerFactory - Hibernate is in classpath; If applicable, HQL parser will be used.
11:08:58.102 WARN  [main]o.s.b.a.o.j.JpaBaseConfiguration$JpaWebConfiguration - spring.jpa.open-in-view is enabled by default. Therefore, database queries may be performed during view rendering. Explicitly configure spring.jpa.open-in-view to disable this warning
11:08:58.494 INFO  [main]com.example.quiz15.UserTest - Started UserTest in 3.801 seconds (process running for 4.679)
11:08:59.028 INFO  [SpringApplicationShutdownHook]o.s.orm.jpa.LocalContainerEntityManagerFactoryBean - Closing JPA EntityManagerFactory for persistence unit 'default'
11:08:59.029 INFO  [SpringApplicationShutdownHook]com.zaxxer.hikari.HikariDataSource - HikariPool-1 - Shutdown initiated...
11:08:59.037 INFO  [SpringApplicationShutdownHook]com.zaxxer.hikari.HikariDataSource - HikariPool-1 - Shutdown completed.
11:11:52.693 INFO  [background-preinit]org.hibernate.validator.internal.util.Version - HV000001: Hibernate Validator 8.0.2.Final
11:11:52.724 INFO  [main]com.example.quiz15.UserTest - Starting UserTest using Java 21.0.7 with PID 4036 (started by shine in C:\java\java_project\quiz15)
11:11:52.724 INFO  [main]com.example.quiz15.UserTest - No active profile set, falling back to 1 default profile: "default"
11:11:53.356 INFO  [main]o.s.d.r.config.RepositoryConfigurationDelegate - Bootstrapping Spring Data JPA repositories in DEFAULT mode.
11:11:53.418 INFO  [main]o.s.d.r.config.RepositoryConfigurationDelegate - Finished Spring Data repository scanning in 52 ms. Found 3 JPA repository interfaces.
11:11:53.772 INFO  [main]com.zaxxer.hikari.HikariDataSource - HikariPool-1 - Starting...
11:11:53.985 INFO  [main]com.zaxxer.hikari.pool.HikariPool - HikariPool-1 - Added connection com.mysql.cj.jdbc.ConnectionImpl@32507479
11:11:53.987 INFO  [main]com.zaxxer.hikari.HikariDataSource - HikariPool-1 - Start completed.
11:11:54.023 INFO  [main]org.hibernate.jpa.internal.util.LogHelper - HHH000204: Processing PersistenceUnitInfo [name: default]
11:11:54.080 INFO  [main]org.hibernate.Version - HHH000412: Hibernate ORM core version 6.6.22.Final
11:11:54.124 INFO  [main]o.hibernate.cache.internal.RegionFactoryInitiator - HHH000026: Second-level cache disabled
11:11:54.435 INFO  [main]o.s.o.j.persistenceunit.SpringPersistenceUnitInfo - No LoadTimeWeaver setup: ignoring JPA class transformer
11:11:54.522 INFO  [main]org.hibernate.orm.connections.pooling - HHH10001005: Database info:
	Database JDBC URL [Connecting through datasource 'HikariDataSource (HikariPool-1)']
	Database driver: undefined/unknown
	Database version: 8.0.43
	Autocommit mode: undefined/unknown
	Isolation level: undefined/unknown
	Minimum pool size: undefined/unknown
	Maximum pool size: undefined/unknown
11:11:54.808 WARN  [main]org.hibernate.mapping.RootClass - HHH000038: Composite-id class does not override equals(): com.example.quiz15.entity.QuestionId
11:11:54.809 WARN  [main]org.hibernate.mapping.RootClass - HHH000039: Composite-id class does not override hashCode(): com.example.quiz15.entity.QuestionId
11:11:55.245 INFO  [main]o.h.e.t.jta.platform.internal.JtaPlatformInitiator - HHH000489: No JTA platform available (set 'hibernate.transaction.jta.platform' to enable JTA platform integration)
11:11:55.247 INFO  [main]o.s.orm.jpa.LocalContainerEntityManagerFactoryBean - Initialized JPA EntityManagerFactory for persistence unit 'default'
11:11:55.487 INFO  [main]o.s.data.jpa.repository.query.QueryEnhancerFactory - Hibernate is in classpath; If applicable, HQL parser will be used.
11:11:55.730 WARN  [main]o.s.b.a.o.j.JpaBaseConfiguration$JpaWebConfiguration - spring.jpa.open-in-view is enabled by default. Therefore, database queries may be performed during view rendering. Explicitly configure spring.jpa.open-in-view to disable this warning
11:11:56.117 INFO  [main]com.example.quiz15.UserTest - Started UserTest in 3.768 seconds (process running for 4.635)
11:11:56.660 INFO  [SpringApplicationShutdownHook]o.s.orm.jpa.LocalContainerEntityManagerFactoryBean - Closing JPA EntityManagerFactory for persistence unit 'default'
11:11:56.662 INFO  [SpringApplicationShutdownHook]com.zaxxer.hikari.HikariDataSource - HikariPool-1 - Shutdown initiated...
11:11:56.669 INFO  [SpringApplicationShutdownHook]com.zaxxer.hikari.HikariDataSource - HikariPool-1 - Shutdown completed.
11:12:50.842 INFO  [background-preinit]org.hibernate.validator.internal.util.Version - HV000001: Hibernate Validator 8.0.2.Final
11:12:50.871 INFO  [main]com.example.quiz15.UserTest - Starting UserTest using Java 21.0.7 with PID 7776 (started by shine in C:\java\java_project\quiz15)
11:12:50.872 INFO  [main]com.example.quiz15.UserTest - No active profile set, falling back to 1 default profile: "default"
11:12:51.505 INFO  [main]o.s.d.r.config.RepositoryConfigurationDelegate - Bootstrapping Spring Data JPA repositories in DEFAULT mode.
11:12:51.569 INFO  [main]o.s.d.r.config.RepositoryConfigurationDelegate - Finished Spring Data repository scanning in 54 ms. Found 3 JPA repository interfaces.
11:12:51.916 INFO  [main]com.zaxxer.hikari.HikariDataSource - HikariPool-1 - Starting...
11:12:52.125 INFO  [main]com.zaxxer.hikari.pool.HikariPool - HikariPool-1 - Added connection com.mysql.cj.jdbc.ConnectionImpl@339f3a55
11:12:52.127 INFO  [main]com.zaxxer.hikari.HikariDataSource - HikariPool-1 - Start completed.
11:12:52.163 INFO  [main]org.hibernate.jpa.internal.util.LogHelper - HHH000204: Processing PersistenceUnitInfo [name: default]
11:12:52.219 INFO  [main]org.hibernate.Version - HHH000412: Hibernate ORM core version 6.6.22.Final
11:12:52.263 INFO  [main]o.hibernate.cache.internal.RegionFactoryInitiator - HHH000026: Second-level cache disabled
11:12:52.553 INFO  [main]o.s.o.j.persistenceunit.SpringPersistenceUnitInfo - No LoadTimeWeaver setup: ignoring JPA class transformer
11:12:52.643 INFO  [main]org.hibernate.orm.connections.pooling - HHH10001005: Database info:
	Database JDBC URL [Connecting through datasource 'HikariDataSource (HikariPool-1)']
	Database driver: undefined/unknown
	Database version: 8.0.43
	Autocommit mode: undefined/unknown
	Isolation level: undefined/unknown
	Minimum pool size: undefined/unknown
	Maximum pool size: undefined/unknown
11:12:52.915 WARN  [main]org.hibernate.mapping.RootClass - HHH000038: Composite-id class does not override equals(): com.example.quiz15.entity.QuestionId
11:12:52.915 WARN  [main]org.hibernate.mapping.RootClass - HHH000039: Composite-id class does not override hashCode(): com.example.quiz15.entity.QuestionId
11:12:53.354 INFO  [main]o.h.e.t.jta.platform.internal.JtaPlatformInitiator - HHH000489: No JTA platform available (set 'hibernate.transaction.jta.platform' to enable JTA platform integration)
11:12:53.357 INFO  [main]o.s.orm.jpa.LocalContainerEntityManagerFactoryBean - Initialized JPA EntityManagerFactory for persistence unit 'default'
11:12:53.606 INFO  [main]o.s.data.jpa.repository.query.QueryEnhancerFactory - Hibernate is in classpath; If applicable, HQL parser will be used.
11:12:53.849 WARN  [main]o.s.b.a.o.j.JpaBaseConfiguration$JpaWebConfiguration - spring.jpa.open-in-view is enabled by default. Therefore, database queries may be performed during view rendering. Explicitly configure spring.jpa.open-in-view to disable this warning
11:12:54.230 INFO  [main]com.example.quiz15.UserTest - Started UserTest in 3.748 seconds (process running for 4.631)
11:12:54.656 INFO  [SpringApplicationShutdownHook]o.s.orm.jpa.LocalContainerEntityManagerFactoryBean - Closing JPA EntityManagerFactory for persistence unit 'default'
11:12:54.658 INFO  [SpringApplicationShutdownHook]com.zaxxer.hikari.HikariDataSource - HikariPool-1 - Shutdown initiated...
11:12:54.664 INFO  [SpringApplicationShutdownHook]com.zaxxer.hikari.HikariDataSource - HikariPool-1 - Shutdown completed.
11:13:25.325 INFO  [background-preinit]org.hibernate.validator.internal.util.Version - HV000001: Hibernate Validator 8.0.2.Final
11:13:25.356 INFO  [main]com.example.quiz15.UserTest - Starting UserTest using Java 21.0.7 with PID 10684 (started by shine in C:\java\java_project\quiz15)
11:13:25.356 INFO  [main]com.example.quiz15.UserTest - No active profile set, falling back to 1 default profile: "default"
11:13:26.002 INFO  [main]o.s.d.r.config.RepositoryConfigurationDelegate - Bootstrapping Spring Data JPA repositories in DEFAULT mode.
11:13:26.065 INFO  [main]o.s.d.r.config.RepositoryConfigurationDelegate - Finished Spring Data repository scanning in 53 ms. Found 3 JPA repository interfaces.
11:13:26.404 INFO  [main]com.zaxxer.hikari.HikariDataSource - HikariPool-1 - Starting...
11:13:26.615 INFO  [main]com.zaxxer.hikari.pool.HikariPool - HikariPool-1 - Added connection com.mysql.cj.jdbc.ConnectionImpl@32507479
11:13:26.617 INFO  [main]com.zaxxer.hikari.HikariDataSource - HikariPool-1 - Start completed.
11:13:26.654 INFO  [main]org.hibernate.jpa.internal.util.LogHelper - HHH000204: Processing PersistenceUnitInfo [name: default]
11:13:26.708 INFO  [main]org.hibernate.Version - HHH000412: Hibernate ORM core version 6.6.22.Final
11:13:26.749 INFO  [main]o.hibernate.cache.internal.RegionFactoryInitiator - HHH000026: Second-level cache disabled
11:13:27.054 INFO  [main]o.s.o.j.persistenceunit.SpringPersistenceUnitInfo - No LoadTimeWeaver setup: ignoring JPA class transformer
11:13:27.152 INFO  [main]org.hibernate.orm.connections.pooling - HHH10001005: Database info:
	Database JDBC URL [Connecting through datasource 'HikariDataSource (HikariPool-1)']
	Database driver: undefined/unknown
	Database version: 8.0.43
	Autocommit mode: undefined/unknown
	Isolation level: undefined/unknown
	Minimum pool size: undefined/unknown
	Maximum pool size: undefined/unknown
11:13:27.441 WARN  [main]org.hibernate.mapping.RootClass - HHH000038: Composite-id class does not override equals(): com.example.quiz15.entity.QuestionId
11:13:27.441 WARN  [main]org.hibernate.mapping.RootClass - HHH000039: Composite-id class does not override hashCode(): com.example.quiz15.entity.QuestionId
11:13:27.880 INFO  [main]o.h.e.t.jta.platform.internal.JtaPlatformInitiator - HHH000489: No JTA platform available (set 'hibernate.transaction.jta.platform' to enable JTA platform integration)
11:13:27.884 INFO  [main]o.s.orm.jpa.LocalContainerEntityManagerFactoryBean - Initialized JPA EntityManagerFactory for persistence unit 'default'
11:13:28.128 INFO  [main]o.s.data.jpa.repository.query.QueryEnhancerFactory - Hibernate is in classpath; If applicable, HQL parser will be used.
11:13:28.367 WARN  [main]o.s.b.a.o.j.JpaBaseConfiguration$JpaWebConfiguration - spring.jpa.open-in-view is enabled by default. Therefore, database queries may be performed during view rendering. Explicitly configure spring.jpa.open-in-view to disable this warning
11:13:28.744 INFO  [main]com.example.quiz15.UserTest - Started UserTest in 3.793 seconds (process running for 4.718)
11:13:29.272 INFO  [SpringApplicationShutdownHook]o.s.orm.jpa.LocalContainerEntityManagerFactoryBean - Closing JPA EntityManagerFactory for persistence unit 'default'
11:13:29.274 INFO  [SpringApplicationShutdownHook]com.zaxxer.hikari.HikariDataSource - HikariPool-1 - Shutdown initiated...
11:13:29.280 INFO  [SpringApplicationShutdownHook]com.zaxxer.hikari.HikariDataSource - HikariPool-1 - Shutdown completed.
11:14:16.145 INFO  [background-preinit]org.hibernate.validator.internal.util.Version - HV000001: Hibernate Validator 8.0.2.Final
11:14:16.176 INFO  [main]com.example.quiz15.UserTest - Starting UserTest using Java 21.0.7 with PID 7160 (started by shine in C:\java\java_project\quiz15)
11:14:16.177 INFO  [main]com.example.quiz15.UserTest - No active profile set, falling back to 1 default profile: "default"
11:14:16.815 INFO  [main]o.s.d.r.config.RepositoryConfigurationDelegate - Bootstrapping Spring Data JPA repositories in DEFAULT mode.
11:14:16.880 INFO  [main]o.s.d.r.config.RepositoryConfigurationDelegate - Finished Spring Data repository scanning in 53 ms. Found 3 JPA repository interfaces.
11:14:17.228 INFO  [main]com.zaxxer.hikari.HikariDataSource - HikariPool-1 - Starting...
11:14:17.430 INFO  [main]com.zaxxer.hikari.pool.HikariPool - HikariPool-1 - Added connection com.mysql.cj.jdbc.ConnectionImpl@339f3a55
11:14:17.432 INFO  [main]com.zaxxer.hikari.HikariDataSource - HikariPool-1 - Start completed.
11:14:17.471 INFO  [main]org.hibernate.jpa.internal.util.LogHelper - HHH000204: Processing PersistenceUnitInfo [name: default]
11:14:17.528 INFO  [main]org.hibernate.Version - HHH000412: Hibernate ORM core version 6.6.22.Final
11:14:17.571 INFO  [main]o.hibernate.cache.internal.RegionFactoryInitiator - HHH000026: Second-level cache disabled
11:14:17.888 INFO  [main]o.s.o.j.persistenceunit.SpringPersistenceUnitInfo - No LoadTimeWeaver setup: ignoring JPA class transformer
11:14:17.976 INFO  [main]org.hibernate.orm.connections.pooling - HHH10001005: Database info:
	Database JDBC URL [Connecting through datasource 'HikariDataSource (HikariPool-1)']
	Database driver: undefined/unknown
	Database version: 8.0.43
	Autocommit mode: undefined/unknown
	Isolation level: undefined/unknown
	Minimum pool size: undefined/unknown
	Maximum pool size: undefined/unknown
11:14:18.247 WARN  [main]org.hibernate.mapping.RootClass - HHH000038: Composite-id class does not override equals(): com.example.quiz15.entity.QuestionId
11:14:18.247 WARN  [main]org.hibernate.mapping.RootClass - HHH000039: Composite-id class does not override hashCode(): com.example.quiz15.entity.QuestionId
11:14:18.682 INFO  [main]o.h.e.t.jta.platform.internal.JtaPlatformInitiator - HHH000489: No JTA platform available (set 'hibernate.transaction.jta.platform' to enable JTA platform integration)
11:14:18.685 INFO  [main]o.s.orm.jpa.LocalContainerEntityManagerFactoryBean - Initialized JPA EntityManagerFactory for persistence unit 'default'
11:14:18.930 INFO  [main]o.s.data.jpa.repository.query.QueryEnhancerFactory - Hibernate is in classpath; If applicable, HQL parser will be used.
11:14:19.169 WARN  [main]o.s.b.a.o.j.JpaBaseConfiguration$JpaWebConfiguration - spring.jpa.open-in-view is enabled by default. Therefore, database queries may be performed during view rendering. Explicitly configure spring.jpa.open-in-view to disable this warning
11:14:19.548 INFO  [main]com.example.quiz15.UserTest - Started UserTest in 3.764 seconds (process running for 4.666)
11:14:20.021 INFO  [SpringApplicationShutdownHook]o.s.orm.jpa.LocalContainerEntityManagerFactoryBean - Closing JPA EntityManagerFactory for persistence unit 'default'
11:14:20.022 INFO  [SpringApplicationShutdownHook]com.zaxxer.hikari.HikariDataSource - HikariPool-1 - Shutdown initiated...
11:14:20.028 INFO  [SpringApplicationShutdownHook]com.zaxxer.hikari.HikariDataSource - HikariPool-1 - Shutdown completed.
12:52:16.299 INFO  [background-preinit]org.hibernate.validator.internal.util.Version - HV000001: Hibernate Validator 8.0.2.Final
12:52:16.374 INFO  [main]com.example.quiz15.Quiz15Application - Starting Quiz15Application using Java 21.0.7 with PID 23696 (C:\java\java_project\quiz15\bin\main started by shine in C:\java\java_project\quiz15)
12:52:16.376 INFO  [main]com.example.quiz15.Quiz15Application - No active profile set, falling back to 1 default profile: "default"
12:52:17.278 INFO  [main]o.s.d.r.config.RepositoryConfigurationDelegate - Bootstrapping Spring Data JPA repositories in DEFAULT mode.
12:52:17.348 INFO  [main]o.s.d.r.config.RepositoryConfigurationDelegate - Finished Spring Data repository scanning in 60 ms. Found 3 JPA repository interfaces.
12:52:17.897 INFO  [main]o.s.boot.web.embedded.tomcat.TomcatWebServer - Tomcat initialized with port 8080 (http)
12:52:17.915 INFO  [main]org.apache.coyote.http11.Http11NioProtocol - Initializing ProtocolHandler ["http-nio-8080"]
12:52:17.917 INFO  [main]org.apache.catalina.core.StandardService - Starting service [Tomcat]
12:52:17.918 INFO  [main]org.apache.catalina.core.StandardEngine - Starting Servlet engine: [Apache Tomcat/10.1.43]
12:52:17.990 INFO  [main]o.a.c.core.ContainerBase.[Tomcat].[localhost].[/] - Initializing Spring embedded WebApplicationContext
12:52:17.990 INFO  [main]o.s.b.w.s.c.ServletWebServerApplicationContext - Root WebApplicationContext: initialization completed in 1563 ms
12:52:18.161 INFO  [main]com.zaxxer.hikari.HikariDataSource - HikariPool-1 - Starting...
12:52:18.373 INFO  [main]com.zaxxer.hikari.pool.HikariPool - HikariPool-1 - Added connection com.mysql.cj.jdbc.ConnectionImpl@7f5614f9
12:52:18.375 INFO  [main]com.zaxxer.hikari.HikariDataSource - HikariPool-1 - Start completed.
12:52:18.417 INFO  [main]org.hibernate.jpa.internal.util.LogHelper - HHH000204: Processing PersistenceUnitInfo [name: default]
12:52:18.472 INFO  [main]org.hibernate.Version - HHH000412: Hibernate ORM core version 6.6.22.Final
12:52:18.514 INFO  [main]o.hibernate.cache.internal.RegionFactoryInitiator - HHH000026: Second-level cache disabled
12:52:18.820 INFO  [main]o.s.o.j.persistenceunit.SpringPersistenceUnitInfo - No LoadTimeWeaver setup: ignoring JPA class transformer
12:52:18.925 INFO  [main]org.hibernate.orm.connections.pooling - HHH10001005: Database info:
	Database JDBC URL [Connecting through datasource 'HikariDataSource (HikariPool-1)']
	Database driver: undefined/unknown
	Database version: 8.0.43
	Autocommit mode: undefined/unknown
	Isolation level: undefined/unknown
	Minimum pool size: undefined/unknown
	Maximum pool size: undefined/unknown
12:52:19.182 WARN  [main]org.hibernate.mapping.RootClass - HHH000038: Composite-id class does not override equals(): com.example.quiz15.entity.QuestionId
12:52:19.183 WARN  [main]org.hibernate.mapping.RootClass - HHH000039: Composite-id class does not override hashCode(): com.example.quiz15.entity.QuestionId
12:52:19.641 INFO  [main]o.h.e.t.jta.platform.internal.JtaPlatformInitiator - HHH000489: No JTA platform available (set 'hibernate.transaction.jta.platform' to enable JTA platform integration)
12:52:19.643 INFO  [main]o.s.orm.jpa.LocalContainerEntityManagerFactoryBean - Initialized JPA EntityManagerFactory for persistence unit 'default'
12:52:19.895 INFO  [main]o.s.data.jpa.repository.query.QueryEnhancerFactory - Hibernate is in classpath; If applicable, HQL parser will be used.
12:52:20.072 WARN  [main]o.s.b.a.o.j.JpaBaseConfiguration$JpaWebConfiguration - spring.jpa.open-in-view is enabled by default. Therefore, database queries may be performed during view rendering. Explicitly configure spring.jpa.open-in-view to disable this warning
12:52:20.428 INFO  [main]org.apache.coyote.http11.Http11NioProtocol - Starting ProtocolHandler ["http-nio-8080"]
12:52:20.454 INFO  [main]o.s.boot.web.embedded.tomcat.TomcatWebServer - Tomcat started on port 8080 (http) with context path '/'
12:52:20.463 INFO  [main]com.example.quiz15.Quiz15Application - Started Quiz15Application in 4.685 seconds (process running for 5.123)
12:53:20.892 INFO  [http-nio-8080-exec-1]o.a.c.core.ContainerBase.[Tomcat].[localhost].[/] - Initializing Spring DispatcherServlet 'dispatcherServlet'
12:53:20.893 INFO  [http-nio-8080-exec-1]org.springframework.web.servlet.DispatcherServlet - Initializing Servlet 'dispatcherServlet'
12:53:20.894 INFO  [http-nio-8080-exec-1]org.springframework.web.servlet.DispatcherServlet - Completed initialization in 1 ms
